{
    "dayPeriod": "narrow",
    "hourCycle": "h12",
    "hour": "numeric"
}
