{
    "dayPeriod": "long",
    "hourCycle": "h12",
    "hour": "numeric"
}
