{
    "hourCycle": "h24",
    "hour": "numeric"
}
