{
    "currency": "GBP",
    "maximumSignificantDigits": 3,
    "minimumFractionDigits": 1,
    "minimumSignificantDigits": 3,
    "style": "currency"
}
