{
    "minimumFractionDigits": 3,
    "style": "percent"
}
