{
    "notation": "scientific",
    "minimumIntegerDigits": 1
}
