{
    "currency": "GBP",
    "maximumFractionDigits": 4,
    "maximumSignificantDigits": 3,
    "minimumFractionDigits": 2,
    "minimumSignificantDigits": 3,
    "style": "currency"
}
