{count, plural, one{I have a dog} other{I have many dogs}}