{
    "err": null,
    "val": [
        {
            "location": {
                "end": {
                    "column": 20,
                    "line": 1,
                    "offset": 19
                },
                "start": {
                    "column": 1,
                    "line": 1,
                    "offset": 0
                }
            },
            "style": {
                "location": {
                    "end": {
                        "column": 19,
                        "line": 1,
                        "offset": 18
                    },
                    "start": {
                        "column": 11,
                        "line": 1,
                        "offset": 10
                    }
                },
                "parsedOptions": {},
                "pattern": "h:mm a",
                "type": 1
            },
            "type": 3,
            "value": "0"
        }
    ]
}
