{
    "err": null,
    "val": [
        {
            "location": {
                "end": {
                    "column": 5,
                    "line": 1,
                    "offset": 4
                },
                "start": {
                    "column": 1,
                    "line": 1,
                    "offset": 0
                }
            },
            "type": 0,
            "value": "<a>"
        }
    ]
}
