{
    "err": null,
    "val": [
        {
            "location": {
                "end": {
                    "column": 13,
                    "line": 1,
                    "offset": 12
                },
                "start": {
                    "column": 1,
                    "line": 1,
                    "offset": 0
                }
            },
            "type": 0,
            "value": "<test-tag/>"
        }
    ]
}
