{
    "err": null,
    "val": [
        {
            "location": {
                "end": {
                    "column": 12,
                    "line": 1,
                    "offset": 11
                },
                "start": {
                    "column": 1,
                    "line": 1,
                    "offset": 0
                }
            },
            "type": 0,
            "value": "My name is "
        },
        {
            "location": {
                "end": {
                    "column": 20,
                    "line": 1,
                    "offset": 19
                },
                "start": {
                    "column": 12,
                    "line": 1,
                    "offset": 11
                }
            },
            "type": 1,
            "value": "name"
        }
    ]
}
