{
    "err": {
        "kind": 1,
        "location": {
            "end": {
                "column": 15,
                "line": 1,
                "offset": 14
            },
            "start": {
                "column": 12,
                "line": 1,
                "offset": 11
            }
        },
        "message": "My name is { 0"
    },
    "val": null
}
