
    {gender, select, male{He} female{She} other{They}} will respond shortly.