
    {taxableArea, select, yes{An additional {taxRate, number, percent} tax will be collected.} other{No taxes apply.}}