<bold>You have {count, plural, one{<italic>#</italic> apple} other{<italic>#</italic> apples}}.</bold>