
    Cart: {itemCount} {itemCount, plural, one{item} other{items}}