
    {gender, select, male{
        {He}} female{
        {She}} other{
        {They}}}