You have {itemCount, plural, offset:2 =0{no items} one{1 item} other{{itemCount} items}}.