{numPhotos, plural, =0{no photos} =1{one photo} other{'#' photos}}