{
    "en percent signDisplay\/auto notation\/engineering compactDisplay\/long": {
        "skeleton": "percent scale\/100 engineering .###"
    },
    "en percent signDisplay\/auto notation\/engineering compactDisplay\/short": {
        "skeleton": "percent scale\/100 engineering .###"
    },
    "en percent signDisplay\/auto notation\/scientific compactDisplay\/long": {
        "skeleton": "percent scale\/100 scientific .###"
    },
    "en percent signDisplay\/auto notation\/scientific compactDisplay\/short": {
        "skeleton": "percent scale\/100 scientific .###"
    },
    "en percent signDisplay\/auto notation\/compact compactDisplay\/long": {
        "skeleton": "percent scale\/100 compact-long precision-integer"
    },
    "en percent signDisplay\/auto notation\/compact compactDisplay\/short": {
        "skeleton": "percent scale\/100 compact-short precision-integer"
    },
    "en percent signDisplay\/auto notation\/standard compactDisplay\/long": {
        "skeleton": "percent scale\/100 precision-integer"
    },
    "en percent signDisplay\/auto notation\/standard compactDisplay\/short": {
        "skeleton": "percent scale\/100 precision-integer"
    },
    "en percent signDisplay\/always notation\/engineering compactDisplay\/long": {
        "skeleton": "percent scale\/100 engineering\/sign-always .###"
    },
    "en percent signDisplay\/always notation\/engineering compactDisplay\/short": {
        "skeleton": "percent scale\/100 engineering\/sign-always .###"
    },
    "en percent signDisplay\/always notation\/scientific compactDisplay\/long": {
        "skeleton": "percent scale\/100 scientific\/sign-always .###"
    },
    "en percent signDisplay\/always notation\/scientific compactDisplay\/short": {
        "skeleton": "percent scale\/100 scientific\/sign-always .###"
    },
    "en percent signDisplay\/always notation\/compact compactDisplay\/long": {
        "skeleton": "percent scale\/100 compact-long sign-always precision-integer"
    },
    "en percent signDisplay\/always notation\/compact compactDisplay\/short": {
        "skeleton": "percent scale\/100 compact-short sign-always precision-integer"
    },
    "en percent signDisplay\/always notation\/standard compactDisplay\/long": {
        "skeleton": "percent scale\/100 sign-always precision-integer"
    },
    "en percent signDisplay\/always notation\/standard compactDisplay\/short": {
        "skeleton": "percent scale\/100 sign-always precision-integer"
    },
    "en percent signDisplay\/never notation\/engineering compactDisplay\/long": {
        "skeleton": "percent scale\/100 engineering\/sign-never .###"
    },
    "en percent signDisplay\/never notation\/engineering compactDisplay\/short": {
        "skeleton": "percent scale\/100 engineering\/sign-never .###"
    },
    "en percent signDisplay\/never notation\/scientific compactDisplay\/long": {
        "skeleton": "percent scale\/100 scientific\/sign-never .###"
    },
    "en percent signDisplay\/never notation\/scientific compactDisplay\/short": {
        "skeleton": "percent scale\/100 scientific\/sign-never .###"
    },
    "en percent signDisplay\/never notation\/compact compactDisplay\/long": {
        "skeleton": "percent scale\/100 compact-long sign-never precision-integer"
    },
    "en percent signDisplay\/never notation\/compact compactDisplay\/short": {
        "skeleton": "percent scale\/100 compact-short sign-never precision-integer"
    },
    "en percent signDisplay\/never notation\/standard compactDisplay\/long": {
        "skeleton": "percent scale\/100 sign-never precision-integer"
    },
    "en percent signDisplay\/never notation\/standard compactDisplay\/short": {
        "skeleton": "percent scale\/100 sign-never precision-integer"
    },
    "en percent signDisplay\/exceptZero notation\/engineering compactDisplay\/long": {
        "skeleton": "percent scale\/100 engineering\/sign-except-zero .###"
    },
    "en percent signDisplay\/exceptZero notation\/engineering compactDisplay\/short": {
        "skeleton": "percent scale\/100 engineering\/sign-except-zero .###"
    },
    "en percent signDisplay\/exceptZero notation\/scientific compactDisplay\/long": {
        "skeleton": "percent scale\/100 scientific\/sign-except-zero .###"
    },
    "en percent signDisplay\/exceptZero notation\/scientific compactDisplay\/short": {
        "skeleton": "percent scale\/100 scientific\/sign-except-zero .###"
    },
    "en percent signDisplay\/exceptZero notation\/compact compactDisplay\/long": {
        "skeleton": "percent scale\/100 compact-long sign-except-zero precision-integer"
    },
    "en percent signDisplay\/exceptZero notation\/compact compactDisplay\/short": {
        "skeleton": "percent scale\/100 compact-short sign-except-zero precision-integer"
    },
    "en percent signDisplay\/exceptZero notation\/standard compactDisplay\/long": {
        "skeleton": "percent scale\/100 sign-except-zero precision-integer"
    },
    "en percent signDisplay\/exceptZero notation\/standard compactDisplay\/short": {
        "skeleton": "percent scale\/100 sign-except-zero precision-integer"
    }
}
