{
    "about.inspire": {
        "defaultMessage": "Ḁṭ Ṡǩíĺĺśḫâŕè, ẘè èṁṗŏẘèŕ ṁèṁḃèŕś ṭŏ ĝèṭ íńśṗíŕèḋ."
    },
    "how.many.pets": {
        "defaultMessage": "Ļâśṭ ṭíṁè Ḭ ćḫèćǩèḋ, {gender, select, male{<italicized>ḫè</italicized> ḫâḋ} female{<italicized>śḫè</italicized> ḫâḋ} other{<italicized>ṭḫèẏ</italicized> ḫâḋ}} {petCount, plural, =0{<bold>ńŏ</bold> ṗèṭś} =1{<bold>â</bold> ṗèṭ} other{<bold>#</bold> ṗèṭś}}."
    },
    "start.with.argument": {
        "defaultMessage": "{argument}"
    },
    "start.with.tag": {
        "defaultMessage": "<foo>{argument}</foo>"
    },
    "value.with.non-ascii.characters": {
        "defaultMessage": "Ẅè’ḋ ńèèḋ ṭŏ ṭëśṭ śøṁè ńŏń-áśćíí ćḫâŕâćṭèŕś, ṭŏŏ…"
    }
}
